// Jest Snapshot v1, https://goo.gl/fbAQLP

exports[`App test render the whole tree 1`] = `
<div>
  Loading
</div>
`;

exports[`App test shallow render list 1`] = `
<BrowserRouter>
  <div>
    <nav>
      <ul>
        <li>
          <Link
            to="/"
          >
            Home
          </Link>
        </li>
      </ul>
    </nav>
    <Route
      exact={true}
      path="/"
      render={[Function]}
    />
    <Route
      exact={true}
      path="/details/:id"
      render={[Function]}
    />
    <Route
      component={[Function]}
      exact={true}
      path="/create"
    />
  </div>
</BrowserRouter>
`;

exports[`App test shallow render loading 1`] = `
<div>
  Loading
</div>
`;
